// Jest Snapshot v1, https://goo.gl/fbAQLP

exports[`<TopBarProvider /> should render and match the snapshot 1`] = `ShallowWrapper {}`;
