// Jest Snapshot v1, https://goo.gl/fbAQLP

exports[`<LoginPage /> should render and match the snapshot 1`] = `ShallowWrapper {}`;
